Running Gradle task 'assembleRelease'...                        
Font asset "CupertinoIcons.ttf" was tree-shaken, reducing it from 257628 to 848 bytes (99.7% reduction). Tree-shaking can be disabled by providing the --no-tree-shake-icons flag when building your app.
Font asset "MaterialIcons-Regular.otf" was tree-shaken, reducing it from 1645184 to 22668 bytes (98.6% reduction). Tree-shaking can be disabled by providing the --no-tree-shake-icons flag when building your app.
flutter : 
At line:1 char:1
+ flutter build apk --release 2>&1 | Out-File -Encoding utf8 C:\Users\a ...
+ ~~~~~~~~~~~~~~~~~~~~~~~~~~~~~~~~
    + CategoryInfo          : NotSpecified: (:String) [], RemoteException
    + FullyQualifiedErrorId : NativeCommandError
 
FAILURE: Build failed with an exception.

* What went wrong:
Execution failed for task ':file_picker:lintVitalAnalyzeRelease'.
> java.nio.file.FileSystemException: C:\Users\anderson\OneDrive\Documents\anders
on_crm\anderson_crm_flutter\build\file_picker\intermediates\lint-cache\lintVital
AnalyzeRelease\migrated-jars\androidx.lifecycle.lint.LiveDataCoreIssueRegistry-3
2b654e6cacc2c23..jar: The process cannot access the file because it is being 
used by another process

* Try:
> Run with --stacktrace option to get the stack trace.
> Run with --info or --debug option to get more log output.
> Run with --scan to get full insights.
> Get more help at https://help.gradle.org.

BUILD FAILED in 9s
Running Gradle task 'assembleRelease'...                            9.4s
Gradle task assembleRelease failed with exit code 1
